// Jest Snapshot v1, https://goo.gl/fbAQLP

exports[`matches snapshot 1`] = `
<DocumentFragment>
  <div
    class="App"
  >
    <div>
      <div>
        <form>
          <div>
            <label
              for="backgroundColor"
            >
              Background Color:
            </label>
            <input
              id="backgroundColor"
              name="backgroundColor"
              type="text"
              value=""
            />
          </div>
          <div>
            <label
              for="Height"
            >
              Height:
            </label>
            <input
              id="height"
              name="height"
              type="text"
              value=""
            />
          </div>
          <div>
            <label
              for="Width"
            >
              Width:
            </label>
            <input
              id="width"
              name="width"
              type="text"
              value=""
            />
          </div>
          <button>
             Add a New Box
          </button>
        </form>
      </div>
    </div>
  </div>
</DocumentFragment>
`;
