// Jest Snapshot v1, https://goo.gl/fbAQLP

exports[`matches snapshot 1`] = `
<DocumentFragment>
  <div>
    <form>
      <div>
        <label
          for="Task"
        >
          Task:
        </label>
        <input
          name="task"
          type="text"
          value=""
        />
        <button>
          Add ToDo
        </button>
      </div>
    </form>
  </div>
</DocumentFragment>
`;
